---
source: tui/src/exec_cell/render.rs
expression: rendered
---
"• Explored                                                  "
"  └ Read main.rs                                            "
"                                                            "
"                                                            "
"                                                            "
"                                                            "
"                                                            "
"                                                            "
"                                                            "
"                                                            "
