---
source: tui/src/exec_cell/render.rs
assertion_line: 331
expression: rendered
---
"✓ read_file                                                 "
"  › read_file                                               "
"  └ 1: fn main() {                                          "
"    2:   println!("hello");                                 "
"    3: }                                                    "
"  ✓ • 0s                                                    "
"                                                            "
"                                                            "
"                                                            "
"                                                            "
