---
source: tui/src/exec_cell/render.rs
expression: rendered
---
"✓ shell (42ms)                                              "
"  $ ls -la /tmp                                             "
"  └ total 8                                                 "
"    drwxrwxrwt 2 root root 40 Jan  1 00:00 .                "
"                                                            "
"✓ read_file (5ms)                                           "
"  › main.rs                                                 "
"                                                            "
"✓ list_dir (3ms)                                            "
"  › src                                                     "
"                                                            "
"                                                            "
"                                                            "
"                                                            "
"                                                            "
"                                                            "
"                                                            "
"                                                            "
"                                                            "
"                                                            "
"                                                            "
"                                                            "
"                                                            "
"                                                            "
"                                                            "
