---
source: tui/src/exec_cell/render.rs
expression: rendered
---
"✗ shell                                                     "
"  $ cat /nonexistent                                        "
"  └ cat: /nonexistent: No such file or directory            "
"                                                            "
"                                                            "
"                                                            "
"                                                            "
"                                                            "
