---
source: tui/src/exec_cell/render.rs
expression: rendered
---
"✓ list_dir                                                  "
"  › list_dir                                                "
"  └ src/                                                    "
"    Cargo.toml                                              "
"    README.md                                               "
"                                                            "
"                                                            "
"                                                            "
"                                                            "
"                                                            "
